// Bun Snapshot v1, https://goo.gl/fbAQLP

exports[`optimizeImports barrel imports 1`] = `
"
        import Accordion from "carbon-components-svelte/src/Accordion/Accordion.svelte";import AccordionItem from "carbon-components-svelte/src/Accordion/AccordionItem.svelte";
        import Accordion2 from "carbon-components-svelte/src/Accordion/Accordion.svelte";
        import breakpoints from "carbon-components-svelte/src/Breakpoint/breakpoints.js";
        import { invalid } from "carbon-components-svelte";

        import Add from "carbon-icons-svelte/lib/Add.svelte";
        import Add2 from "carbon-icons-svelte/lib/Add.svelte";
        import Add3 from "carbon-icons-svelte/lib/Add.svelte";

        import Airplane from "carbon-pictograms-svelte/lib/Airplane.svelte";
        import Airplane2 from "carbon-pictograms-svelte/lib/Airplane.svelte";
        import Airplane3 from "carbon-pictograms-svelte/lib/Airplane.svelte";
    "
`;
